// Jest Snapshot v1, https://goo.gl/fbAQLP

exports[`Setting Component should match the snapshot 1`] = `
<div
  className="main"
>
  <div
    className="profile-tab-menu"
  >
    <Tab
      className="tab"
      grid={
        Object {
          "paneWidth": 12,
          "tabWidth": 4,
        }
      }
      menu={
        Object {
          "pointing": true,
          "secondary": true,
        }
      }
      panes={
        Array [
          Object {
            "menuItem": "Articles ",
            "render": [Function],
          },
          Object {
            "menuItem": " | Bookmarks ",
            "render": [Function],
          },
          Object {
            "menuItem": " | Settings",
            "render": [Function],
          },
        ]
      }
      renderActiveOnly={true}
    />
  </div>
</div>
`;
