// Jest Snapshot v1, https://goo.gl/fbAQLP

exports[`Profile should render 1`] = `
<div>
  <ToastContainer
    autoClose={4000}
    bodyClassName={null}
    className={null}
    closeButton={
      <CloseButton
        ariaLabel="close"
      />
    }
    closeOnClick={true}
    draggable={true}
    draggablePercent={80}
    hideProgressBar={false}
    newestOnTop={false}
    pauseOnFocusLoss={true}
    pauseOnHover={true}
    position="top-right"
    progressClassName={null}
    progressStyle={null}
    role="alert"
    rtl={false}
    style={null}
    toastClassName={null}
    transition={[Function]}
  />
  <Connect(Navbar) />
  <div
    className="profile-container"
  >
    <[object Object]
      fetchProfile={[Function]}
      profile={
        Object {
          "bio": "this is my biodata",
          "firstname": "nadralia",
          "image": "http://biodatainformation.jpg",
          "lastname": "lonerk",
        }
      }
    />
    <ProfileMain
      authenticatedUser="lou"
      fetchProfile={[Function]}
      match={[Function]}
      profile={
        Object {
          "bio": "this is my biodata",
          "firstname": "nadralia",
          "image": "http://biodatainformation.jpg",
          "lastname": "lonerk",
        }
      }
    />
  </div>
</div>
`;
