// Jest Snapshot v1, https://goo.gl/fbAQLP

exports[`Login Component matches the snapshot 1`] = `
<div
  className="container"
>
  <div
    className="copy-container error-space"
  >
    <p
      className="error"
    >
      404
    </p>
    <br />
    <p
      className="error1"
    >
      Page not found.
    </p>
    <p
      className="error2"
    >
      <a
        href="https://ah-frontend-dojo.herokuapp.com/"
      >
        Go back
      </a>
    </p>
  </div>
</div>
`;
