// Jest Snapshot v1, https://goo.gl/fbAQLP

exports[`Google Login should match the snapshot 1`] = `
<div
  className="googlebutton"
  id="googlebutton"
>
  <e
    accessType="online"
    buttonText={false}
    clientId="39137008692-dmdrj00qulao069le80rk6rores32vdh.apps.googleusercontent.com"
    cookiePolicy="single_host_origin"
    disabledStyle={
      Object {
        "opacity": 0.6,
      }
    }
    fetchBasicProfile={true}
    icon={
      <img
        alt="Google"
        src="https://icons8.com/icon/17949/google"
      />
    }
    isSignedIn={false}
    jsSrc="https://apis.google.com/js/api.js"
    onFailure={[Function]}
    onRequest={[Function]}
    onSuccess={[Function]}
    prompt=""
    scope="profile email"
    tag="button"
    theme="light"
    type="button"
    uxMode="popup"
  />
</div>
`;
